{
  "timestamp": 0,
  "sign": "",
  "msg_type": "interactive",
  "card": {
    "config": {
      "enable_forward": false
    },
    "header": {
      "template": "red",
      "title": {
        "tag": "plain_text",
        "content": "[Failure]sinlov/drone-file-browser-plugin"
      }
    },
    "elements": [
      {
        "tag": "markdown",
        "content": "**Drone CI Notification**"
      },
      {
        "tag": "hr"
      },
      {
        "tag": "markdown",
        "content": "üìù Commit by sinlov on **main**\nCommitCode: f5513d4e409730c28ee51ba85d01031d1e3a4eba"
      },
      {
        "tag": "markdown",
        "content": "‚ùå Build [#1](https://drone.xxx.com/sinlov/drone-file-browser-plugin/1) failure\n failedStages: build,test\n failedSteps: backend,frontend "
      },
      {
        "tag": "markdown",
        "content": "**Commit:**\nmock message commit\nmore line\nand more line\n"
      },
      {
        "tag": "markdown",
        "content": "[See Git Link](https://github.com/sinlov/drone-file-browser-plugin/commit/f5513d4e409730c28ee51ba85d01031d1e3a4eba) | [See Build Details](https://drone.xxx.com/sinlov/drone-file-browser-plugin/1)"
      },
      {
        "tag": "hr"
      },
      {
        "tag": "markdown",
        "content": "**Build Created At:** \n**Build Time:** 16m 46s\n**Stage details info**\nName: build\nStage Started: 2023-01-24-03-33-26\nStage Total Time: 15m 0s\nTrigger: @hook\nMachine: CI-machine\nOS: linux\nArch: amd64\nType: docker\nKind: pipeline"
      },
      {
        "tag": "hr"
      },
      {
        "tag": "note",
        "elements": [
          {
            "tag": "plain_text",
            "content": "From drone 1.0.0@drone.xxx.com. Powered By"
          },
          {
            "tag": "img",
            "img_key": "",
            "alt": {
              "tag": "plain_text",
              "content": ""
            }
          }
        ]
      }
    ]
  }
}